// Jest Snapshot v1, https://goo.gl/fbAQLP

exports[`The questionnaire component renders correctly 1`] = `
<div>
  <img
    alt=""
    src="/img/questionnaire-intro.svg"
  />
  <section
    class="HeadlineUnderline__HeadlineContainer-sc-1reeb6v-0 jWFWIm"
  >
    <h1>
      Fragebogen 
      1
       / 2
    </h1>
    <svg
      class="HeadlineUnderline__UnderlineStyled-sc-1reeb6v-1 hZOZZy"
    >
      underline.svg
    </svg>
  </section>
  <h2
    class="Questionnaire__H2Styled-sc-13hxlgu-1 kfJYVs"
  >
    Frage 
    1
     / 
    8
  </h2>
  <div
    class="CardStack__CardStackContainer-vgb89h-0 byiENK"
  >
    <div
      class="CardStack__BackgroundCardsContainer-vgb89h-1 MfyjY"
    >
      <div
        class="CardStack__Card-vgb89h-2 kyUaud"
        scale="0.9"
      >
        Reagieren Sie empfindlich auf Kritik, selbst wenn diese berechtigt ist?
      </div>
      <div
        class="CardStack__Card-vgb89h-2 cydTFS"
        scale="0.95"
      >
        Möchten Sie besser sein als andere?
      </div>
    </div>
    <div>
      <div
        class="SwipeableCard__Card-zqgmcw-0 fZHvwI"
        offset="0"
      >
        Brauchen Sie in hohem Maße Lob und Anerkennung?
      </div>
    </div>
  </div>
  <div
    class="Questionnaire__ArrowContainer-sc-13hxlgu-3 hgOFzU"
  >
    <svg>
      arrow_left.svg
    </svg>
    <svg>
      arrow_right.svg
    </svg>
  </div>
  <section
    class="Questionnaire__ButtonRow-sc-13hxlgu-0 jArQLV"
  >
    <button
      class="Button__BtnStyled-sc-129yfz5-0 ibTELz Questionnaire__QuestionnaireButton-sc-13hxlgu-2 kEMYte"
      width="47.5"
    >
      (Eher) Nein
    </button>
    <button
      class="Button__BtnStyled-sc-129yfz5-0 ibTELz Questionnaire__QuestionnaireButton-sc-13hxlgu-2 kEMYte"
      width="47.5"
    >
      (Eher) Ja
    </button>
  </section>
</div>
`;
