// Jest Snapshot v1, https://goo.gl/fbAQLP

exports[`The Button component renders correctly 1`] = `
<div>
  <button
    class="Button__BtnStyled-sc-129yfz5-0 dlyhBD"
    width="100"
  >
    Test-Text
  </button>
</div>
`;
