// Jest Snapshot v1, https://goo.gl/fbAQLP

exports[`The Header component renders correctly 1`] = `
<div>
  <header
    class="Header__HeaderContainer-sc-15lxbtt-0 lkLVpF"
  >
    <button
      class="IconButton__ButtonContainer-sc-47n1yg-0 jCeVKT"
    >
      <img
        alt="zurÃ¼ck"
        src="/img/back.svg"
      />
    </button>
    <a
      href="/"
    >
      <img
        alt="Youlity logo"
        src="/img/logo.svg"
      />
    </a>
    <button
      class="IconButton__ButtonContainer-sc-47n1yg-0 jCeVKT"
    >
      <img
        alt="zur Homepage"
        src="/img/home.svg"
      />
    </button>
  </header>
</div>
`;
