// Jest Snapshot v1, https://goo.gl/fbAQLP

exports[`The PrimaryBtn component renders correctly 1`] = `
<div>
  <button
    class="PrimaryBtn__PrimaryBtnStyled-sc-70yx6k-0 cswOOA"
  >
    Test-Text
  </button>
</div>
`;
