// Jest Snapshot v1, https://goo.gl/fbAQLP

exports[`The ExtendedResult component renders correctly 1`] = `
<div>
  <img
    alt=""
    src="/img/style_info.svg"
  />
  <section
    class="HeadlineUnderline__HeadlineContainer-sc-1reeb6v-1 tAJUt"
  >
    <div
      class="HeadlineUnderline__ChildContainer-sc-1reeb6v-0 cbzWsz"
    >
      <h1>
        Ergebnis
      </h1>
    </div>
    <svg
      class="HeadlineUnderline__UnderlineStyled-sc-1reeb6v-2 dVDSEH"
    >
      underline.svg
    </svg>
  </section>
  <p
    class="ExtendedResult__IntroText-sc-1w1w0fq-0 fcwGt"
  >
    Sie haben bisher folgende Fragebögen ausgefüllt. Klicken Sie auf einen Namen, um zu den Detail-Informationen zu gelangen.
  </p>
  <section>
    <a
      href="/style-info/1"
    >
      <section
        class="ExtendedResult__ResultSection-sc-1w1w0fq-3 lfKtj"
      >
        <h3
          class="ExtendedResult__ResultHeadline-sc-1w1w0fq-4 jCwgvR"
        >
          Selbstbewusst
           
          &gt;
        </h3>
        <div
          class="ResultBar__Outline-sc-479x3f-1 echTYD"
        >
          <div
            class="ResultBar__ColorBar-sc-479x3f-2 MirAr"
          >
            <p
              class="ResultBar__Text-sc-479x3f-0 bCfkyT"
            >
              deutlich ausgeprägt
            </p>
          </div>
        </div>
      </section>
    </a>
    <a
      href="/style-info/9"
    >
      <section
        class="ExtendedResult__ResultSection-sc-1w1w0fq-3 lfKtj"
      >
        <h3
          class="ExtendedResult__ResultHeadline-sc-1w1w0fq-4 jCwgvR"
        >
          Sprunghaft
           
          &gt;
        </h3>
        <div
          class="ResultBar__Outline-sc-479x3f-1 echTYD"
        >
          <div
            class="ResultBar__ColorBar-sc-479x3f-2 kuxa-dL"
          >
            <p
              class="ResultBar__Text-sc-479x3f-0 bCfkyT"
            >
              wenig ausgeprägt
            </p>
          </div>
        </div>
      </section>
    </a>
    <a
      href="/style-info/2"
    >
      <section
        class="ExtendedResult__ResultSection-sc-1w1w0fq-3 lfKtj"
      >
        <h3
          class="ExtendedResult__ResultHeadline-sc-1w1w0fq-4 jCwgvR"
        >
          Gesellig
           
          &gt;
        </h3>
        <div
          class="ResultBar__Outline-sc-479x3f-1 echTYD"
        >
          <div
            class="ResultBar__ColorBar-sc-479x3f-2 LsDfm"
          >
            <p
              class="ResultBar__Text-sc-479x3f-0 bCfkyT"
            >
              Nicht ausgeprägt
            </p>
          </div>
        </div>
      </section>
    </a>
    <a
      href="/style-info/8"
    >
      <section
        class="ExtendedResult__ResultSection-sc-1w1w0fq-3 lfKtj"
      >
        <h3
          class="ExtendedResult__ResultHeadline-sc-1w1w0fq-4 jCwgvR"
        >
          Wachsam
           
          &gt;
        </h3>
        <div
          class="ResultBar__Outline-sc-479x3f-1 echTYD"
        >
          <div
            class="ResultBar__ColorBar-sc-479x3f-2 bekMn"
          >
            <p
              class="ResultBar__Text-sc-479x3f-0 bCfkyT"
            >
              Nicht ausgeprägt
            </p>
          </div>
        </div>
      </section>
    </a>
  </section>
  <p>
    Es gibt noch 
    <strong>
      5
       weitere
    </strong>
     
    Fragebögen.
  </p>
  <a
    href="/questionnaire/entry/1928373645/6422"
  >
    <button
      class="Button__BtnStyled-sc-129yfz5-0 iWqmsN"
      width="100"
    >
      Weiteren Fragebogen starten
    </button>
  </a>
  <section
    class="SectionBGWithButton__Background-sc-11viaht-0 llKPXe"
  >
    <h2>
      Tagebuch
    </h2>
    <p>
      Sind Sie manchmal unzufrieden mit Ihrer Persönlichkeit? Unsere Tagebuch-Funktion hilft Ihnen, Ihr Verhalten zu analysieren und dadurch erste Schritte zu einer Veränderung anzustoßen.
    </p>
    <a
      href="/journal"
    >
      <button
        class="Button__BtnStyled-sc-129yfz5-0 cxViIx"
        width="100"
      >
        Zum Tagebuch
      </button>
    </a>
  </section>
</div>
`;
