// Jest Snapshot v1, https://goo.gl/fbAQLP

exports[`The Motives component renders correctly 1`] = `
<div>
  <div
    id="root"
  >
    <section
      class="HeadlineUnderline__HeadlineContainer-sc-1reeb6v-1 tAJUt"
    >
      <div
        class="HeadlineUnderline__ChildContainer-sc-1reeb6v-0 cbzWsz"
      >
        <h1>
          Schritt 1: Bedürfnisse
        </h1>
      </div>
      <svg
        class="HeadlineUnderline__UnderlineStyled-sc-1reeb6v-2 dVDSEH"
      >
        underline.svg
      </svg>
    </section>
    <h2
      class="MotivesEntry__SmallH2-zdirr-0 iUHsxQ"
    >
      Wählen Sie bitte intuitiv die drei Bedürfnisse aus, die für Sie am Wichtigsten sind. Sie können die Bedürfnisse hin- und herziehen oder anklicken.
    </h2>
    <section
      class="MotivesEntry__MotiveBG-zdirr-1 hmGxxG"
    >
      <div
        class="UserMotiveDropzone__DropzoneBG-jv6lv-0 cFWTRG"
      >
        <div
          class="HideElement-m9nwk9-0 hYebHX"
        />
      </div>
      <div
        class="UserMotiveDropzone__DropzoneBG-jv6lv-0 cFWTRG"
      >
        <div
          class="HideElement-m9nwk9-0 hYebHX"
        />
      </div>
      <div
        class="UserMotiveDropzone__DropzoneBG-jv6lv-0 cFWTRG"
      >
        <div
          class="HideElement-m9nwk9-0 hYebHX"
        />
      </div>
    </section>
    <div
      class="MotivesList__MotiveContainer-sc-935jjf-0 jbKbTJ"
    >
      <div
        aria-describedby="rbd-hidden-text-0-hidden-text-0"
        class="MotiveItem__MotiveItemStyled-sc-17qm44j-1 lnZpnZ"
        data-rbd-drag-handle-context-id="0"
        data-rbd-drag-handle-draggable-id="draggable-Anerkennung"
        data-rbd-draggable-context-id="0"
        data-rbd-draggable-id="draggable-Anerkennung"
        draggable="false"
        role="button"
        tabindex="0"
      >
        Anerkennung
        <button
          class="Button__BtnStyled-sc-129yfz5-0 ckSRcb InfoOverlay__InfoButton-sc-17974c-0 eQphtg MotiveItem__PositionedInfoOverlay-sc-17qm44j-0 cxSIYu"
          width="100"
        >
          i
        </button>
      </div>
      <div
        aria-describedby="rbd-hidden-text-0-hidden-text-0"
        class="MotiveItem__MotiveItemStyled-sc-17qm44j-1 lnZpnZ"
        data-rbd-drag-handle-context-id="0"
        data-rbd-drag-handle-draggable-id="draggable-Wichtigkeit"
        data-rbd-draggable-context-id="0"
        data-rbd-draggable-id="draggable-Wichtigkeit"
        draggable="false"
        role="button"
        tabindex="0"
      >
        Wichtigkeit
        <button
          class="Button__BtnStyled-sc-129yfz5-0 ckSRcb InfoOverlay__InfoButton-sc-17974c-0 eQphtg MotiveItem__PositionedInfoOverlay-sc-17qm44j-0 cxSIYu"
          width="100"
        >
          i
        </button>
      </div>
      <div
        aria-describedby="rbd-hidden-text-0-hidden-text-0"
        class="MotiveItem__MotiveItemStyled-sc-17qm44j-1 lnZpnZ"
        data-rbd-drag-handle-context-id="0"
        data-rbd-drag-handle-draggable-id="draggable-Solidarität"
        data-rbd-draggable-context-id="0"
        data-rbd-draggable-id="draggable-Solidarität"
        draggable="false"
        role="button"
        tabindex="0"
      >
        Solidarität
        <button
          class="Button__BtnStyled-sc-129yfz5-0 ckSRcb InfoOverlay__InfoButton-sc-17974c-0 eQphtg MotiveItem__PositionedInfoOverlay-sc-17qm44j-0 cxSIYu"
          width="100"
        >
          i
        </button>
      </div>
      <div
        aria-describedby="rbd-hidden-text-0-hidden-text-0"
        class="MotiveItem__MotiveItemStyled-sc-17qm44j-1 lnZpnZ"
        data-rbd-drag-handle-context-id="0"
        data-rbd-drag-handle-draggable-id="draggable-Autonomie"
        data-rbd-draggable-context-id="0"
        data-rbd-draggable-id="draggable-Autonomie"
        draggable="false"
        role="button"
        tabindex="0"
      >
        Autonomie
        <button
          class="Button__BtnStyled-sc-129yfz5-0 ckSRcb InfoOverlay__InfoButton-sc-17974c-0 eQphtg MotiveItem__PositionedInfoOverlay-sc-17qm44j-0 cxSIYu"
          width="100"
        >
          i
        </button>
      </div>
      <div
        aria-describedby="rbd-hidden-text-0-hidden-text-0"
        class="MotiveItem__MotiveItemStyled-sc-17qm44j-1 lnZpnZ"
        data-rbd-drag-handle-context-id="0"
        data-rbd-drag-handle-draggable-id="draggable-Grenzen"
        data-rbd-draggable-context-id="0"
        data-rbd-draggable-id="draggable-Grenzen"
        draggable="false"
        role="button"
        tabindex="0"
      >
        Grenzen
        <button
          class="Button__BtnStyled-sc-129yfz5-0 ckSRcb InfoOverlay__InfoButton-sc-17974c-0 eQphtg MotiveItem__PositionedInfoOverlay-sc-17qm44j-0 cxSIYu"
          width="100"
        >
          i
        </button>
      </div>
      <div
        aria-describedby="rbd-hidden-text-0-hidden-text-0"
        class="MotiveItem__MotiveItemStyled-sc-17qm44j-1 lnZpnZ"
        data-rbd-drag-handle-context-id="0"
        data-rbd-drag-handle-draggable-id="draggable-Verlässlichkeit"
        data-rbd-draggable-context-id="0"
        data-rbd-draggable-id="draggable-Verlässlichkeit"
        draggable="false"
        role="button"
        tabindex="0"
      >
        Verlässlichkeit
        <button
          class="Button__BtnStyled-sc-129yfz5-0 ckSRcb InfoOverlay__InfoButton-sc-17974c-0 eQphtg MotiveItem__PositionedInfoOverlay-sc-17qm44j-0 cxSIYu"
          width="100"
        >
          i
        </button>
      </div>
      <div
        class="HideElement-m9nwk9-0 hYebHX"
      />
    </div>
    <a
      class="FloatingButtonContainer__ButtonContainer-slkv4p-0 hTXSTP"
      href="/"
    >
      <button
        class="Button__BtnStyled-sc-129yfz5-0 jyIaa-D"
        disabled=""
        width="100"
      >
        Fragebogen starten
      </button>
    </a>
    <div
      class="FloatingButtonContainer__BottomSpacer-slkv4p-1 hgDFeh"
    />
  </div>
</div>
`;
